DispTools.c:2224:10:NbDigit	20	static
DispTools.c:212:6:ConsoleMenu_UART_RxCpltCallback	8	static
DispTools.c:192:6:ConsoleMenu_Init	24	static
DispTools.c:223:10:UartTransmitStr	16	static
DispTools.c:250:6:UartReadChar	32	static
DispTools.c:548:6:PosCur	48	static
DispTools.c:512:6:ClearLines	24	static
DispTools.c:532:6:ClearScreen	8	static
DispTools.c:647:10:StringLength	8	static
DispTools.c:795:6:DummyFunc	0	static
DispTools.c:810:6:PrintCrt	32	static
DispTools.c:569:6:SaveCursorPos	0	static
DispTools.c:584:6:RestoreCursorPos	0	static
DispTools.c:894:6:PrintPcCrt	32	static
DispTools.c:345:8:ReadPcStr	48	static
DispTools.c:1179:13:_DisplayMenu	64	static
DispTools.c:987:6:DisplayTitle	32	static
DispTools.c:1026:6:DisplaySubTitle	24	static
DispTools.c:1093:10:DisplayMenu	48	static
DispTools.c:1266:8:CreateMenu	112	static
DispTools.c:1557:6:DeleteMenu	0	static
DispTools.c:1596:10:RunMenu	112	static
